reset
set default element hex
create surface rectangle width {2*L} zplane
webcut body 1 with plane xplane offset 0
webcut body 1 with plane yplane offset 0
delete Surface 3
rotate Surface 4 5 angle -90 about Z include_merged
webcut body 3 1 with plane yplane offset -{L // 2}


webcut body 5 1  with plane xplane offset -{L - DW}
webcut body 4 3  with plane xplane offset {L - DW}
webcut body 7 1 9 3  with plane yplane offset -{L - DW}

surface all size 20
mesh surface all
imprint all
merge all

# MATERIAL 1
create material 1
modify material 1 name 'rock'
modify material 1 set property 'MODULUS' value 2e+08
modify material 1 set property 'POISSON' value 0.3
modify material 1 set property 'DENSITY' value 1900

# MATERIAL 2
create material 2
modify material 2 name 'rubber_left'
modify material 2 set property 'MODULUS' value 2e+08
modify material 2 set property 'POISSON' value 0.3
modify material 2 set property 'DENSITY' value 1900

# MATERIAL 3
create material 3
modify material 3 name 'rubber_right'
modify material 3 set property 'MODULUS' value 2e+08
modify material 3 set property 'POISSON' value 0.3
modify material 3 set property 'DENSITY' value 1900

# MATERIAL 4
create material 4
modify material 4 name 'rubber_bot'
modify material 4 set property 'MODULUS' value 2e+08
modify material 4 set property 'POISSON' value 0.3
modify material 4 set property 'DENSITY' value 1900

create table 1
modify table 1 dependency x
create table 2
modify table 2 dependency x
create table 3
modify table 3 dependency y