modify table 1 insert row 1
modify table 1 insert row 1
modify table 1 insert row 1
modify table 1 insert row 1
modify table 1 insert row 1
modify table 1 insert row 1
modify table 1 insert row 1
modify table 1 insert row 1
modify table 1 insert row 1
modify table 1 insert row 1
modify table 1 insert row 1

modify table 1 cell 1 1 value -{L - DW + i}
modify table 1 cell 2 1 value -{L - DW + i}
modify table 1 cell 3 1 value -{L - DW + i}
modify table 1 cell 4 1 value -{L - DW + i}
modify table 1 cell 5 1 value -{L - DW + i}
modify table 1 cell 6 1 value -{L - DW + i}
modify table 1 cell 7 1 value -{L - DW + i}
modify table 1 cell 8 1 value -{L - DW + i}
modify table 1 cell 9 1 value -{L - DW + i}
modify table 1 cell 10 1 value -{L - DW + i}
modify table 1 cell 11 1 value -{L - DW + i}

modify table 1 cell 1 2 value R_1
modify table 1 cell 2 2 value R_2
modify table 1 cell 3 2 value R_3
modify table 1 cell 4 2 value R_4
modify table 1 cell 5 2 value R_5
modify table 1 cell 6 2 value R_6
modify table 1 cell 7 2 value R_7
modify table 1 cell 8 2 value R_8
modify table 1 cell 9 2 value R_9
modify table 1 cell 10 2 value R_10
modify table 1 cell 11 2 value R_11


modify table 2 dependency x
modify table 2 insert row 1
modify table 2 insert row 1
modify table 2 insert row 1
modify table 2 insert row 1
modify table 2 insert row 1
modify table 2 insert row 1
modify table 2 insert row 1
modify table 2 insert row 1
modify table 2 insert row 1
modify table 2 insert row 1
modify table 2 insert row 1

modify table 2 cell 1 1 value 400
modify table 2 cell 2 1 value 410
modify table 2 cell 3 1 value 420
modify table 2 cell 4 1 value 430
modify table 2 cell 5 1 value 440
modify table 2 cell 6 1 value 450
modify table 2 cell 7 1 value 460
modify table 2 cell 8 1 value 470
modify table 2 cell 9 1 value 480
modify table 2 cell 10 1 value 490
modify table 2 cell 11 1 value 500

modify table 2 cell 1 2 value R_1
modify table 2 cell 2 2 value R_2
modify table 2 cell 3 2 value R_3
modify table 2 cell 4 2 value R_4
modify table 2 cell 5 2 value R_5
modify table 2 cell 6 2 value R_6
modify table 2 cell 7 2 value R_7
modify table 2 cell 8 2 value R_8
modify table 2 cell 9 2 value R_9
modify table 2 cell 10 2 value R_10
modify table 2 cell 11 2 value R_11

modify table 3 dependency y
modify table 3 insert row 1
modify table 3 insert row 1
modify table 3 insert row 1
modify table 3 insert row 1
modify table 3 insert row 1
modify table 3 insert row 1
modify table 3 insert row 1
modify table 3 insert row 1
modify table 3 insert row 1
modify table 3 insert row 1
modify table 3 insert row 1

modify table 3 cell 1 1 value -400
modify table 3 cell 2 1 value -410
modify table 3 cell 3 1 value -420
modify table 3 cell 4 1 value -430
modify table 3 cell 5 1 value -440
modify table 3 cell 6 1 value -450
modify table 3 cell 7 1 value -460
modify table 3 cell 8 1 value -470
modify table 3 cell 9 1 value -480
modify table 3 cell 10 1 value -490
modify table 3 cell 11 1 value -500

modify table 3 cell 1 2 value R_1
modify table 3 cell 2 2 value R_2
modify table 3 cell 3 2 value R_3
modify table 3 cell 4 2 value R_4
modify table 3 cell 5 2 value R_5
modify table 3 cell 6 2 value R_6
modify table 3 cell 7 2 value R_7
modify table 3 cell 8 2 value R_8
modify table 3 cell 9 2 value R_9
modify table 3 cell 10 2 value R_10
modify table 3 cell 11 2 value R_11